[getbootstrap.com/docs/5.3/examples/dashboard/index.html]
[getbootstrap.com/docs/5.3/assets/js/color-modes.js]
[backblue.gif]
[fade.gif]
[index.html]
[cdn.jsdelivr.net/npm/@docsearch/css@3.css]
[getbootstrap.com/docs/5.3/dist/css/bootstrap.min.css]
[getbootstrap.com/docs/5.3/assets/img/favicons/apple-touch-icon.png]
[getbootstrap.com/docs/5.3/assets/img/favicons/favicon-32x32.png]
[getbootstrap.com/docs/5.3/assets/img/favicons/favicon-16x16.png]
[getbootstrap.com/docs/5.3/assets/img/favicons/manifest.json]
[getbootstrap.com/docs/5.3/assets/img/favicons/safari-pinned-tab.svg]
[getbootstrap.com/docs/5.3/assets/img/favicons/favicon.ico]
[cdn.jsdelivr.net/npm/bootstrap-icons@1.10.5/font/bootstrap-icons.min.css]
[getbootstrap.com/docs/5.3/examples/dashboard/dashboard.css]
[getbootstrap.com/docs/5.3/dist/js/bootstrap.bundle.min.js]
[cdn.jsdelivr.net/npm/chart.js@4.3.2/dist/chart.umd.js]
[getbootstrap.com/docs/5.3/examples/dashboard/dashboard.js]
[getbootstrap.com/docs/5.3/examples/dashboard/index.html]
[cdn.jsdelivr.net/npm/@docsearch/css@3.css]
[getbootstrap.com/docs/5.3/dist/css/bootstrap.min.css]
[getbootstrap.com/docs/5.3/assets/img/favicons/safari-pinned-tab.svg]
[getbootstrap.com/docs/5.3/dist/js/bootstrap.bundle.min.js]
[cdn.jsdelivr.net/npm/bootstrap-icons@1.10.5/font/fonts/bootstrap-iconse52a.woff2]
[cdn.jsdelivr.net/npm/bootstrap-icons@1.10.5/font/fonts/bootstrap-iconse52a.woff]
[cdn.jsdelivr.net/npm/bootstrap-icons@1.10.5/font/bootstrap-icons.min.css]
[getbootstrap.com/docs/5.3/examples/dashboard/dashboard.css]
